<html>
<body>
<pre>
<h1>礦ision Build Log</h1>
<h2>Project:</h2>
H:\1、2015年全新资料整理\10、平衡小车\4、STM32平衡小车-370电机资料包\1、STM32平衡小车源码\STM32程序370电机\BasicBalance.uvproj
Project File Date:  11/25/2014

<h2>Output:</h2>
Build target 'BasicBalance'
compiling misc.c...
compiling stm32f10x_dma.c...
compiling stm32f10x_exti.c...
compiling stm32f10x_gpio.c...
compiling stm32f10x_i2c.c...
compiling stm32f10x_rcc.c...
compiling stm32f10x_tim.c...
compiling stm32f10x_usart.c...
compiling core_cm3.c...
compiling system_stm32f10x.c...
compiling main.c...
compiling stm32f10x_it.c...
compiling led.c...
compiling usart.c...
compiling I2C_MPU6050.c...
compiling pwm.c...
compiling motor.c...
compiling systick.c...
compiling upstandingcar.c...
compiling OUTPUTDATA.c...
compiling MPU6050.c...
compiling I2C.c...
compiling delay.c...
compiling inv_mpu.c...
compiling inv_mpu_dmp_motion_driver.c...
linking...
Program Size: Code=29372 RO-data=3732 RW-data=256 ZI-data=1056  
FromELF: creating hex file...
".\Output\BasicBalance.axf" - 0 Error(s), 0 Warning(s).
Build target 'BasicBalance'
compiling main.c...
compiling stm32f10x_it.c...
compiling I2C_MPU6050.c...
compiling upstandingcar.c...
linking...
Program Size: Code=29372 RO-data=3732 RW-data=256 ZI-data=1056  
FromELF: creating hex file...
".\Output\BasicBalance.axf" - 0 Error(s), 0 Warning(s).
Build target 'BasicBalance'
compiling main.c...
compiling stm32f10x_it.c...
compiling I2C_MPU6050.c...
compiling upstandingcar.c...
linking...
Program Size: Code=29372 RO-data=3732 RW-data=256 ZI-data=1056  
FromELF: creating hex file...
".\Output\BasicBalance.axf" - 0 Error(s), 0 Warning(s).
Build target 'BasicBalance'
compiling main.c...
compiling stm32f10x_it.c...
compiling I2C_MPU6050.c...
compiling upstandingcar.c...
linking...
Program Size: Code=29372 RO-data=3732 RW-data=256 ZI-data=1056  
FromELF: creating hex file...
".\Output\BasicBalance.axf" - 0 Error(s), 0 Warning(s).
Build target 'BasicBalance'
compiling upstandingcar.c...
linking...
Program Size: Code=29372 RO-data=3732 RW-data=256 ZI-data=1056  
FromELF: creating hex file...
".\Output\BasicBalance.axf" - 0 Error(s), 0 Warning(s).
Build target 'BasicBalance'
compiling upstandingcar.c...
linking...
Program Size: Code=29372 RO-data=3732 RW-data=256 ZI-data=1056  
FromELF: creating hex file...
".\Output\BasicBalance.axf" - 0 Error(s), 0 Warning(s).
Build target 'BasicBalance'
compiling upstandingcar.c...
linking...
Program Size: Code=29372 RO-data=3732 RW-data=256 ZI-data=1056  
FromELF: creating hex file...
".\Output\BasicBalance.axf" - 0 Error(s), 0 Warning(s).
Build target 'BasicBalance'
compiling upstandingcar.c...
linking...
Program Size: Code=29372 RO-data=3732 RW-data=256 ZI-data=1056  
FromELF: creating hex file...
".\Output\BasicBalance.axf" - 0 Error(s), 0 Warning(s).
Build target 'BasicBalance'
compiling main.c...
compiling stm32f10x_it.c...
compiling I2C_MPU6050.c...
compiling upstandingcar.c...
linking...
Program Size: Code=29372 RO-data=3732 RW-data=256 ZI-data=1056  
FromELF: creating hex file...
".\Output\BasicBalance.axf" - 0 Error(s), 0 Warning(s).
Build target 'BasicBalance'
compiling main.c...
compiling stm32f10x_it.c...
compiling I2C_MPU6050.c...
compiling upstandingcar.c...
linking...
Program Size: Code=29372 RO-data=3732 RW-data=256 ZI-data=1056  
FromELF: creating hex file...
".\Output\BasicBalance.axf" - 0 Error(s), 0 Warning(s).
Build target 'BasicBalance'
compiling main.c...
compiling stm32f10x_it.c...
compiling I2C_MPU6050.c...
compiling upstandingcar.c...
linking...
Program Size: Code=29368 RO-data=3728 RW-data=256 ZI-data=1056  
FromELF: creating hex file...
".\Output\BasicBalance.axf" - 0 Error(s), 0 Warning(s).
Build target 'BasicBalance'
linking...
Program Size: Code=29368 RO-data=3728 RW-data=256 ZI-data=1056  
FromELF: creating hex file...
".\Output\BasicBalance.axf" - 0 Error(s), 0 Warning(s).
